// Jest Snapshot v1, https://goo.gl/fbAQLP

exports[`Filters NoResults should match snapshot 1`] = `
<DocumentFragment>
  <div
    class="flex sm:flex-row flex-col mb-6"
  >
    <div
      class="flex justify-between mb-3 sm:mb-0 items-center w-full"
    >
      <label>
        Search: 
      </label>
      <input
        class="w-full ml-3 p-2 border-gray-dark border"
        placeholder="keyword..."
        value=""
      />
    </div>
    <div
      class="flex justify-between items-center w-full sm:ml-3"
    >
      <label>
        Completed: 
      </label>
      <select
        class="w-full ml-3 p-2 border-gray-dark bg-white border"
      >
        <option
          value=""
        >
          -
        </option>
        <option
          value="yes"
        >
          yes
        </option>
        <option
          value="no"
        >
          no
        </option>
      </select>
    </div>
  </div>
</DocumentFragment>
`;
