// Jest Snapshot v1, https://goo.gl/fbAQLP

exports[`should match snapshot 1`] = `
<DocumentFragment>
  <div
    class="ml-6 mr-3 sm:mx-8 pt-12"
  >
    <h1
      class="font-bold mb-3"
    >
      Todos
    </h1>
    <div>
      <input
        placeholder="keyword..."
        value=""
      />
    </div>
    <p
      data-testid="Table__Loading"
    >
      Loading ...
    </p>
  </div>
</DocumentFragment>
`;
