// Jest Snapshot v1, https://goo.gl/fbAQLP

exports[`WalletView should match snapshot 1`] = `
<div>
  <div
    class="ml-6 mr-3 sm:mx-8 pt-12"
  >
    <h1
      class="font-bold mb-3"
    >
      Todos
    </h1>
    <div
      class="flex sm:flex-row flex-col mb-6"
    >
      <div
        class="flex justify-between mb-3 sm:mb-0 items-center w-full"
      >
        <label>
          Search: 
        </label>
        <input
          class="w-full ml-3 p-2 border-gray-dark border"
          placeholder="keyword..."
          value=""
        />
      </div>
      <div
        class="flex justify-between items-center w-full sm:ml-3"
      >
        <label>
          Completed: 
        </label>
        <select
          class="w-full ml-3 p-2 border-gray-dark bg-white border"
        >
          <option
            value=""
          >
            -
          </option>
          <option
            value="yes"
          >
            yes
          </option>
          <option
            value="no"
          >
            no
          </option>
        </select>
      </div>
    </div>
    <p
      data-testid="Table__Loading"
    >
      Loading ...
    </p>
  </div>
</div>
`;
